// Jest Snapshot v1, https://goo.gl/fbAQLP

exports[`UI Components Table() should handle multiple columns 1`] = `
"  ┌───────┬───────┬───────┬───────┐
  │ A     │ B     │ C     │ D     │
  ├─═════─┼─═════─┼─═════─┼─═════─┤
  │ 1     │ 2     │ 3     │ 4     │
  ├───────┼───────┼───────┼───────┤
  │ 5     │ 6     │ 7     │ 8     │
  └───────┴───────┴───────┴───────┘"
`;

exports[`UI Components Table() should render a simple 2x2 table 1`] = `
"  ┌─────────────────┬─────────────────┐
  │ Column 1        │ Column 2        │
  ├─═══════════════─┼─═══════════════─┤
  │ Row 1 Col 1     │ Row 1 Col 2     │
  ├─────────────────┼─────────────────┤
  │ Row 2 Col 1     │ Row 2 Col 2     │
  └─────────────────┴─────────────────┘"
`;

exports[`UI Components Table() should render table with title 1`] = `
"  ┌────────────┬────────────┐
  │       Test Table        │
  ├─══════════─┼─══════════─┤
  │ Name       │ Value      │
  ├─══════════─┼─══════════─┤
  │ Test       │ 123        │
  └────────────┴────────────┘"
`;
